../../TouchGFX/target/generated/SoftwareMJPEGDecoder.hpp:44:22:virtual uint32_t SoftwareMJPEGDecoder::getCurrentFrameNumber() const	0	static
../../TouchGFX/target/generated/SoftwareMJPEGDecoder.hpp:58:15:virtual MJPEGDecoder::AVIErrors SoftwareMJPEGDecoder::getLastError()	0	static
C:/TouchGFXProjects/lab4/MyApplication/TouchGFX/target/generated/SoftwareMJPEGDecoder.cpp:222:6:virtual bool SoftwareMJPEGDecoder::hasVideo()	0	static
C:/TouchGFXProjects/lab4/MyApplication/TouchGFX/target/generated/SoftwareMJPEGDecoder.cpp:529:10:virtual uint32_t SoftwareMJPEGDecoder::getNumberOfFrames()	0	static
C:/TouchGFXProjects/lab4/MyApplication/TouchGFX/target/generated/SoftwareMJPEGDecoder.cpp:534:6:virtual void SoftwareMJPEGDecoder::getVideoInfo(touchgfx::VideoInformation*)	8	static
../../TouchGFX/target/generated/SoftwareMJPEGDecoder.hpp:23:7:SoftwareMJPEGDecoder::~SoftwareMJPEGDecoder()	0	static
C:/TouchGFXProjects/lab4/MyApplication/TouchGFX/target/generated/SoftwareMJPEGDecoder.cpp:503:6:virtual bool SoftwareMJPEGDecoder::decodeThumbnail(uint32_t, uint8_t*, uint16_t, uint16_t)	8	static
../../TouchGFX/target/generated/SoftwareMJPEGDecoder.hpp:23:7:virtual SoftwareMJPEGDecoder::~SoftwareMJPEGDecoder()	8	static
C:/TouchGFXProjects/lab4/MyApplication/TouchGFX/target/generated/SoftwareMJPEGDecoder.cpp:330:6:0(const uint8_t*, uint32_t, uint8_t*, uint16_t, uint16_t, uint32_t)	664	static
C:/TouchGFXProjects/lab4/MyApplication/TouchGFX/target/generated/SoftwareMJPEGDecoder.cpp:37:1:SoftwareMJPEGDecoder::SoftwareMJPEGDecoder(uint8_t*)	0	static
C:/TouchGFXProjects/lab4/MyApplication/TouchGFX/target/generated/SoftwareMJPEGDecoder.cpp:48:5:int SoftwareMJPEGDecoder::compare(uint32_t, const char*, uint32_t)	4	static
C:/TouchGFXProjects/lab4/MyApplication/TouchGFX/target/generated/SoftwareMJPEGDecoder.cpp:63:17:uint32_t SoftwareMJPEGDecoder::getU32(uint32_t)	8	static
C:/TouchGFXProjects/lab4/MyApplication/TouchGFX/target/generated/SoftwareMJPEGDecoder.cpp:78:17:uint32_t SoftwareMJPEGDecoder::getU16(uint32_t)	0	static
C:/TouchGFXProjects/lab4/MyApplication/TouchGFX/target/generated/SoftwareMJPEGDecoder.cpp:93:16:const uint8_t* SoftwareMJPEGDecoder::readData(uint32_t, uint32_t)	16	static
C:/TouchGFXProjects/lab4/MyApplication/TouchGFX/target/generated/SoftwareMJPEGDecoder.cpp:167:6:virtual bool SoftwareMJPEGDecoder::gotoNextFrame()	32	static
C:/TouchGFXProjects/lab4/MyApplication/TouchGFX/target/generated/SoftwareMJPEGDecoder.cpp:403:6:virtual bool SoftwareMJPEGDecoder::decodeFrame(const touchgfx::Rect&, uint8_t*, uint32_t)	672	static
C:/TouchGFXProjects/lab4/MyApplication/TouchGFX/target/generated/SoftwareMJPEGDecoder.cpp:509:6:virtual void SoftwareMJPEGDecoder::gotoFrame(uint32_t)	16	static
C:/TouchGFXProjects/lab4/MyApplication/TouchGFX/target/generated/SoftwareMJPEGDecoder.cpp:227:6:void SoftwareMJPEGDecoder::readVideoHeader()	32	static
C:/TouchGFXProjects/lab4/MyApplication/TouchGFX/target/generated/SoftwareMJPEGDecoder.cpp:204:6:virtual void SoftwareMJPEGDecoder::setVideoData(const uint8_t*, uint32_t)	0	static
C:/TouchGFXProjects/lab4/MyApplication/TouchGFX/target/generated/SoftwareMJPEGDecoder.cpp:213:6:virtual void SoftwareMJPEGDecoder::setVideoData(touchgfx::VideoDataReader&)	8	static
C:/TouchGFXProjects/lab4/MyApplication/TouchGFX/target/generated/SoftwareMJPEGDecoder.cpp:330:6:void SoftwareMJPEGDecoder::decodeMJPEGFrame(const uint8_t*, uint32_t, uint8_t*, uint16_t, uint16_t, uint32_t)	16	static
C:/TouchGFXProjects/lab4/MyApplication/TouchGFX/target/generated/SoftwareMJPEGDecoder.cpp:116:6:virtual bool SoftwareMJPEGDecoder::decodeNextFrame(uint8_t*, uint16_t, uint16_t, uint32_t)	48	static
C:/TouchGFXProjects/lab4/MyApplication/TouchGFX/target/generated/SoftwareMJPEGDecoder.cpp:548:12:size_t jpeg_read_file(FILE*, uint8_t*, uint32_t)	8	static
