../../TouchGFX/gui/include/gui/gameover_screen/GameOverPresenter.hpp:32:13:GameOverPresenter::~GameOverPresenter()	0	static
Z:/Embbed_System/Ray/MyApplication/TouchGFX/gui/src/gameover_screen/GameOverPresenter.cpp:10:6:virtual void GameOverPresenter::activate()	0	static
../../TouchGFX/gui/include/gui/gameover_screen/GameOverPresenter.hpp:32:13:virtual GameOverPresenter::~GameOverPresenter()	8	static
../../TouchGFX/gui/include/gui/gameover_screen/GameOverPresenter.hpp:32:13:virtual void* GameOverPresenter::_ZThn4_N17GameOverPresenterD1Ev()	0	static
Z:/Embbed_System/Ray/MyApplication/TouchGFX/gui/src/gameover_screen/GameOverPresenter.cpp:4:1:GameOverPresenter::GameOverPresenter(GameOverView&)	8	static
