../../Middlewares/ST/touchgfx/framework/include/touchgfx/Screen.hpp:104:18:virtual void touchgfx::Screen::afterTransition()	0	static
../../Middlewares/ST/touchgfx/framework/include/touchgfx/Screen.hpp:144:18:virtual void touchgfx::Screen::handleTickEvent()	0	static
../../Middlewares/ST/touchgfx/framework/include/touchgfx/Screen.hpp:154:18:virtual void touchgfx::Screen::handleKeyEvent(uint8_t)	0	static
../../TouchGFX/gui/include/gui/result_screen/resultView.hpp:11:13:resultView::~resultView()	0	static
Z:/Embbed_System/Ray/MyApplication/TouchGFX/gui/src/result_screen/resultView.cpp:13:6:virtual void resultView::tearDownScreen()	0	static
Z:/Embbed_System/Ray/MyApplication/TouchGFX/gui/src/result_screen/resultView.cpp:8:6:virtual void resultView::setupScreen()	0	static
../../TouchGFX/gui/include/gui/result_screen/resultView.hpp:11:13:virtual resultView::~resultView()	8	static
Z:/Embbed_System/Ray/MyApplication/TouchGFX/gui/src/result_screen/resultView.cpp:3:1:resultView::resultView()	8	static
